Linked:
  claude → ~/.claude       not synced
  nvim   → ~/.config/nvim  synced
  rofi   → ~/.local        not synced
  tools  → ~/.local        not synced
Not linked (run `fibre link <set>`):
  zsh    → ~
Run `fibre status -v` to see what needs attention.

Watcher is not running, so nothing is synced automatically. Start it with `fibre watch install` (or `fibre watch run` in the foreground).
